// Jest Snapshot v1, https://goo.gl/fbAQLP

exports[`Middleware hook tests middlewareHookTest 1`] = `
" PASS  src/tests/middleware/middlewareHookTest.ts
  Feature: Middleware COR for steps, globally
    Scenario: I have a scenario
      ✓ Given: Something is set by a middleware
      ✓ Then: Check that Something is true

Test Suites: 1 passed, 1 total
Tests:       2 passed, 2 total"
`;
